// Jest Snapshot v1, https://goo.gl/fbAQLP

exports[`<ActionBar /> should render ActionBar component correctly 1`] = `
<div
  className="MuiBox-root MuiBox-root-2 makeStyles-footerContainer-1 "
>
  <div
    className="MuiGrid-root MuiGrid-container"
  >
    <div
      className="MuiGrid-root MuiGrid-item MuiGrid-grid-md-4 MuiGrid-grid-lg-4 MuiGrid-grid-xl-4"
    />
    <div
      className="MuiGrid-root MuiGrid-container MuiGrid-item MuiGrid-justify-xs-space-around MuiGrid-grid-xs-8 MuiGrid-grid-sm-8 MuiGrid-grid-md-4 MuiGrid-grid-lg-4 MuiGrid-grid-xl-4"
    >
      1
      2
      3
      4
      5
    </div>
    <div
      className="MuiGrid-root MuiGrid-container MuiGrid-item MuiGrid-justify-xs-flex-end MuiGrid-grid-xs-4 MuiGrid-grid-sm-4 MuiGrid-grid-md-4 MuiGrid-grid-lg-4 MuiGrid-grid-xl-4"
    >
      <button
        className="MuiButtonBase-root MuiButton-root MuiButton-contained makeStyles-button-3 MuiButton-containedPrimary makeStyles-primary-4 MuiButton-disableElevation"
        disabled={false}
        onBlur={[Function]}
        onClick={[MockFunction]}
        onDragLeave={[Function]}
        onFocus={[Function]}
        onKeyDown={[Function]}
        onKeyUp={[Function]}
        onMouseDown={[Function]}
        onMouseLeave={[Function]}
        onMouseUp={[Function]}
        onTouchEnd={[Function]}
        onTouchMove={[Function]}
        onTouchStart={[Function]}
        tabIndex={0}
        type="button"
      >
        <span
          className="MuiButton-label"
        />
      </button>
    </div>
  </div>
</div>
`;
